[[ 1.000000,  0.000000,  0.000000]
 [ 0.000000,  1.000000,  0.000000]
 [ 0.000000,  0.000000,  1.000000]]
[[ 1.000000,  2.000000,  3.000000]
 [ 4.000000,  5.000000,  6.000000]
 [ 7.000000,  8.000000,  9.000000]]
[[ 0.000000,  0.000000,  0.000000]
 [ 0.000000,  0.000000,  0.000000]
 [ 0.000000,  0.000000,  0.000000]]
[[ 1.000000,  1.000000,  1.000000]
 [ 1.000000,  1.000000,  1.000000]
 [ 1.000000,  1.000000,  1.000000]]
[[ 1.000000,  2.000000,  3.000000]
 [ 4.000000,  5.000000,  6.000000]
 [ 7.000000,  8.000000,  9.000000]]
[[ 1.000000,  4.000000,  7.000000]
 [ 2.000000,  5.000000,  8.000000]
 [ 3.000000,  6.000000,  9.000000]]
[[ 1.000000,  4.000000,  7.000000]
 [ 2.000000,  5.000000,  8.000000]
 [ 3.000000,  6.000000,  9.000000]]
[[ 1.000000,  2.000000,  3.000000,  4.000000]
 [ 5.000000,  6.000000,  7.000000,  8.000000]
 [ 9.000000,  10.000000,  11.000000,  12.000000]]
[[ 1.000000,  2.000000]
 [ 3.000000,  4.000000]
 [ 5.000000,  6.000000]
 [ 7.000000,  8.000000]
 [ 9.000000,  10.000000]
 [ 11.000000,  12.000000]]
[6, 2]
[6, 2]
[[False, False], [False, False], [False, True], [True, True], [True, True], [True, True]]
[[ 514.000000,  514.000000]
 [ 514.000000,  514.000000]
 [ 514.000000,  114.000000]
 [ 114.000000,  114.000000]
 [ 114.000000,  114.000000]
 [ 114.000000,  114.000000]]
[[ 1.000000,  2.000000]
 [ 3.000000,  4.000000]]
[1.000000, 2.000000, 3.000000, 4.000000, 5.000000, 6.000000, 7.000000, 8.000000, 9.000000, 10.000000, 11.000000, 12.000000]
