[1, 4, 9, 16, 25]
[1, 4, 9, 16, 25, 36]
[1, 4, 9, 16, 25]
[0, 1, 4, 9, 16, 25]
[0, 1, 9, 16, 25]
[0, 1, 9, 16, 25]
[]
[1, 4, 9, 16, 25, 0, 1, 9, 16, 25]
3
2
1
['2', 1, '2', '3', '2', 1]

