2 + 3 = 5
5 - 2 = 3
4 * 3 = 12
8 / 2 = 4.000000
7 // 2 = 3
9 % 4 = 1
2 ** 3 = 8
2.5 + 3.5 = 6.000000
5.5 - 2.5 = 3.000000
4.5 * 3.5 = 15.750000
8.5 / 2.5 = 3.400000
7.5 // 2.5 = 3.000000
9.5 % 4.5 = 0.500000
2.5 ** 3.5 = 24.705294
a + b = 1111111110
a - b = -864197532
a * b = 121932631112635269
a / b = 0.125000
a // b = 0
a % b = 123456789
a ** 2 = 15241578750190521
