MyClass 类的属性 i 为： 12345
MyClass 类的方法 f 输出为： hello world
