42
42
This is a function added to the class instance. 42

