tinydict['Name']:  风唤长河
tinydict['Age']:  7
tinydict['Name']:  蒋钦禹
tinydict['Age']:  8
tinydict['School']:  电子科技大学
