大整数加法： 246913578024691357802469135780
大整数乘法： 15241578753238836750495351562536198787501905199875019052100
负数相加： 0
较大整数相加： 65537
较大整数比较： True
布尔逻辑与运算： False
乘方运算（a ** b）： 8
整除（a // b）： 3
取模（a % b）： 1
按位左移（a << b）： 32
按位右移（a >> b）： 2