Forward result (Z):
[[ 59.000000,  66.000000]
 [ 142.000000,  158.000000]]
Gradients:
Gradient of Z w.r.t A:
[[ 7.000000,  9.000000,  11.000000,  0.000000,  0.000000,  0.000000]
 [ 8.000000,  10.000000,  12.000000,  0.000000,  0.000000,  0.000000]
 [ 0.000000,  0.000000,  0.000000,  7.000000,  9.000000,  11.000000]
 [ 0.000000,  0.000000,  0.000000,  8.000000,  10.000000,  12.000000]]
Gradient of Z w.r.t B:
[[ 1.000000,  0.000000,  2.000000,  0.000000,  3.000000,  0.000000]
 [ 0.000000,  1.000000,  0.000000,  2.000000,  0.000000,  3.000000]
 [ 4.000000,  0.000000,  5.000000,  0.000000,  6.000000,  0.000000]
 [ 0.000000,  4.000000,  0.000000,  5.000000,  0.000000,  6.000000]]
Gradient of Z w.r.t C:
[[ 1.000000,  0.000000,  0.000000,  0.000000]
 [ 0.000000,  1.000000,  0.000000,  0.000000]
 [ 0.000000,  0.000000,  1.000000,  0.000000]
 [ 0.000000,  0.000000,  0.000000,  1.000000]]
