组合 Step 和 PerceptionLoss 的正向传播结果 (损失值):
[[ 0.000000]
 [ 0.000000]
 [ 0.000000]]
组合 Step 和 PerceptionLoss 的反向传播结果 (雅可比矩阵):
[[ 1.000000,  0.000000,  0.000000]
 [ 0.000000,  1.000000,  0.000000]
 [ 0.000000,  0.000000,  1.000000]]
