[[ 1.000000,  2.000000]
 [ 3.000000,  4.000000]]
[[ 0.313262,  0.126928]
 [ 0.048587,  0.018150]]
[[ -0.268941,  -0.119203]
 [ -0.047426,  -0.017986]]
