[1, 3, 5, 7, 9]
[4, 5, 6, 7, 8, 9, 10]
[1, 2, 3]
[2, 3]
[2]
[10, 9, 8, 7, 6, 5, 4, 3, 2, 1]
[4, 3]
